{% from 'elements/e-cta.twig' import e_cta %}
{% from 'modules/m-teaser.twig' import m_teaser %}
{% from 'elements/e-headline.twig' import e_headline %}
{{ e_cta('primary', 'light', model.button, null, null) }}
{% call m_teaser('content', self, '') %}children{% endcall %}
{{ e_headline('', 1, 'light', moduleName + '--check') }}
{{ e_headline('', level + 1, 'light', '') }}
